// Jest Snapshot v1, https://goo.gl/fbAQLP

exports[`pages/feedback/[id] returns data as usual when there are feedbacks 1`] = `
Object {
  "asFragment": [Function],
  "baseElement": <body>
    <div
      id="chakra-toast-portal"
    >
      <ul
        id="chakra-toast-manager-top"
        style="position: fixed; z-index: 5500; pointer-events: none; display: flex; flex-direction: column; margin: 0px auto;"
      />
      <ul
        id="chakra-toast-manager-top-left"
        style="position: fixed; z-index: 5500; pointer-events: none; display: flex; flex-direction: column;"
      />
      <ul
        id="chakra-toast-manager-top-right"
        style="position: fixed; z-index: 5500; pointer-events: none; display: flex; flex-direction: column;"
      />
      <ul
        id="chakra-toast-manager-bottom-left"
        style="position: fixed; z-index: 5500; pointer-events: none; display: flex; flex-direction: column;"
      />
      <ul
        id="chakra-toast-manager-bottom"
        style="position: fixed; z-index: 5500; pointer-events: none; display: flex; flex-direction: column; margin: 0px auto;"
      />
      <ul
        id="chakra-toast-manager-bottom-right"
        style="position: fixed; z-index: 5500; pointer-events: none; display: flex; flex-direction: column;"
      />
    </div>
    <div>
      <div
        class="chakra-stack css-n21gh5"
      >
        <div
          class="chakra-stack css-buj9s7"
        >
          <a
            class="chakra-link css-wlea3r"
            href="/feedbacks"
          >
            &lt; dashboard.feedback.back_to_all
          </a>
          <h2
            class="chakra-heading css-0"
          >
            dashboard.feedback.title
          </h2>
        </div>
        <div
          class="css-jhpxgx"
        >
          <div
            class="chakra-stack css-84zodg"
          >
            <p
              class="chakra-text css-1d96wps"
            />
            <span
              class="css-1qm7lvz"
            >
              <svg
                class="chakra-icon css-1azbes1"
                fill="currentColor"
                focusable="false"
                height="1em"
                stroke="currentColor"
                stroke-width="0"
                viewBox="0 0 24 24"
                width="1em"
                xmlns="http://www.w3.org/2000/svg"
              >
                <path
                  d="M12,22 C17.5228475,22 22,17.5228475 22,12 C22,6.4771525 17.5228475,2 12,2 C6.4771525,2 2,6.4771525 2,12 C2,17.5228475 6.4771525,22 12,22 Z M12,15 L12,14 C12,13 12,12.5 13,12 C14,11.5 15,11 15,9.5 C15,8.5 14,7 12,7 C10,7 9,8.26413718 9,10 M12,16 L12,18"
                  fill="none"
                  stroke="#000"
                  stroke-width="2"
                />
              </svg>
              <span
                class="css-8uhtka"
              >
                dashboard.feedback.undefined
              </span>
            </span>
          </div>
          <div
            class="chakra-stack css-1xqdd13"
          >
            <p
              class="chakra-text css-1k6unk6"
            />
            <p
              class="chakra-text css-1859sd4"
            >
              created
            </p>
            <p
              class="chakra-text css-1859sd4"
            >
              modified
            </p>
          </div>
          <hr
            aria-orientation="horizontal"
            class="chakra-divider css-1upb9tn"
          />
          <div
            class="chakra-stack css-1x5vwo5"
          >
            <p
              class="chakra-text css-sfhhng"
            >
              dashboard.feedback.admin_reply
            </p>
            <p
              class="chakra-text css-1lj023j"
            >
              -
            </p>
          </div>
          <hr
            aria-orientation="horizontal"
            class="chakra-divider css-1upb9tn"
          />
          <div
            class="chakra-stack css-17vvmxc"
          >
            <a
              class="chakra-link chakra-button css-ogxy0s"
              href="/edit"
            >
              edit
            </a>
            <button
              class="chakra-button css-5c2176"
              type="button"
            >
              delete
            </button>
          </div>
        </div>
      </div>
    </div>
  </body>,
  "container": <div>
    <div
      class="chakra-stack css-n21gh5"
    >
      <div
        class="chakra-stack css-buj9s7"
      >
        <a
          class="chakra-link css-wlea3r"
          href="/feedbacks"
        >
          &lt; dashboard.feedback.back_to_all
        </a>
        <h2
          class="chakra-heading css-0"
        >
          dashboard.feedback.title
        </h2>
      </div>
      <div
        class="css-jhpxgx"
      >
        <div
          class="chakra-stack css-84zodg"
        >
          <p
            class="chakra-text css-1d96wps"
          />
          <span
            class="css-1qm7lvz"
          >
            <svg
              class="chakra-icon css-1azbes1"
              fill="currentColor"
              focusable="false"
              height="1em"
              stroke="currentColor"
              stroke-width="0"
              viewBox="0 0 24 24"
              width="1em"
              xmlns="http://www.w3.org/2000/svg"
            >
              <path
                d="M12,22 C17.5228475,22 22,17.5228475 22,12 C22,6.4771525 17.5228475,2 12,2 C6.4771525,2 2,6.4771525 2,12 C2,17.5228475 6.4771525,22 12,22 Z M12,15 L12,14 C12,13 12,12.5 13,12 C14,11.5 15,11 15,9.5 C15,8.5 14,7 12,7 C10,7 9,8.26413718 9,10 M12,16 L12,18"
                fill="none"
                stroke="#000"
                stroke-width="2"
              />
            </svg>
            <span
              class="css-8uhtka"
            >
              dashboard.feedback.undefined
            </span>
          </span>
        </div>
        <div
          class="chakra-stack css-1xqdd13"
        >
          <p
            class="chakra-text css-1k6unk6"
          />
          <p
            class="chakra-text css-1859sd4"
          >
            created
          </p>
          <p
            class="chakra-text css-1859sd4"
          >
            modified
          </p>
        </div>
        <hr
          aria-orientation="horizontal"
          class="chakra-divider css-1upb9tn"
        />
        <div
          class="chakra-stack css-1x5vwo5"
        >
          <p
            class="chakra-text css-sfhhng"
          >
            dashboard.feedback.admin_reply
          </p>
          <p
            class="chakra-text css-1lj023j"
          >
            -
          </p>
        </div>
        <hr
          aria-orientation="horizontal"
          class="chakra-divider css-1upb9tn"
        />
        <div
          class="chakra-stack css-17vvmxc"
        >
          <a
            class="chakra-link chakra-button css-ogxy0s"
            href="/edit"
          >
            edit
          </a>
          <button
            class="chakra-button css-5c2176"
            type="button"
          >
            delete
          </button>
        </div>
      </div>
    </div>
  </div>,
  "debug": [Function],
  "findAllByAltText": [Function],
  "findAllByDisplayValue": [Function],
  "findAllByLabelText": [Function],
  "findAllByPlaceholderText": [Function],
  "findAllByRole": [Function],
  "findAllByTestId": [Function],
  "findAllByText": [Function],
  "findAllByTitle": [Function],
  "findByAltText": [Function],
  "findByDisplayValue": [Function],
  "findByLabelText": [Function],
  "findByPlaceholderText": [Function],
  "findByRole": [Function],
  "findByTestId": [Function],
  "findByText": [Function],
  "findByTitle": [Function],
  "getAllByAltText": [Function],
  "getAllByDisplayValue": [Function],
  "getAllByLabelText": [Function],
  "getAllByPlaceholderText": [Function],
  "getAllByRole": [Function],
  "getAllByTestId": [Function],
  "getAllByText": [Function],
  "getAllByTitle": [Function],
  "getByAltText": [Function],
  "getByDisplayValue": [Function],
  "getByLabelText": [Function],
  "getByPlaceholderText": [Function],
  "getByRole": [Function],
  "getByTestId": [Function],
  "getByText": [Function],
  "getByTitle": [Function],
  "queryAllByAltText": [Function],
  "queryAllByDisplayValue": [Function],
  "queryAllByLabelText": [Function],
  "queryAllByPlaceholderText": [Function],
  "queryAllByRole": [Function],
  "queryAllByTestId": [Function],
  "queryAllByText": [Function],
  "queryAllByTitle": [Function],
  "queryByAltText": [Function],
  "queryByDisplayValue": [Function],
  "queryByLabelText": [Function],
  "queryByPlaceholderText": [Function],
  "queryByRole": [Function],
  "queryByTestId": [Function],
  "queryByText": [Function],
  "queryByTitle": [Function],
  "rerender": [Function],
  "unmount": [Function],
}
`;
