// Jest Snapshot v1, https://goo.gl/fbAQLP

exports[`welcome renders properly 1`] = `
Object {
  "asFragment": [Function],
  "baseElement": <body>
    <div
      id="chakra-toast-portal"
    >
      <ul
        id="chakra-toast-manager-top"
        style="position: fixed; z-index: 5500; pointer-events: none; display: flex; flex-direction: column; margin: 0px auto;"
      />
      <ul
        id="chakra-toast-manager-top-left"
        style="position: fixed; z-index: 5500; pointer-events: none; display: flex; flex-direction: column;"
      />
      <ul
        id="chakra-toast-manager-top-right"
        style="position: fixed; z-index: 5500; pointer-events: none; display: flex; flex-direction: column;"
      />
      <ul
        id="chakra-toast-manager-bottom-left"
        style="position: fixed; z-index: 5500; pointer-events: none; display: flex; flex-direction: column;"
      />
      <ul
        id="chakra-toast-manager-bottom"
        style="position: fixed; z-index: 5500; pointer-events: none; display: flex; flex-direction: column; margin: 0px auto;"
      />
      <ul
        id="chakra-toast-manager-bottom-right"
        style="position: fixed; z-index: 5500; pointer-events: none; display: flex; flex-direction: column;"
      />
    </div>
    <div>
      <div
        class="css-197thqs"
      >
        <div
          class="chakra-stack css-owjkmg"
        >
          <h2
            class="chakra-heading css-1gjuw9l"
          >
            welcome
          </h2>
        </div>
        <form
          data-testid="welcomeForm"
          style="width: 100%;"
        >
          <div
            class="chakra-stack css-n21gh5"
          >
            <div
              class="css-gmuwbf"
            >
              <span
                class="chakra-avatar css-1ruhx4w"
              >
                <svg
                  aria-label=" avatar"
                  class="chakra-avatar__svg css-16ite8i"
                  role="img"
                  viewBox="0 0 128 128"
                >
                  <path
                    d="M103,102.1388 C93.094,111.92 79.3504,118 64.1638,118 C48.8056,118 34.9294,111.768 25,101.7892 L25,95.2 C25,86.8096 31.981,80 40.6,80 L87.4,80 C96.019,80 103,86.8096 103,95.2 L103,102.1388 Z"
                    fill="currentColor"
                  />
                  <path
                    d="M63.9961647,24 C51.2938136,24 41,34.2938136 41,46.9961647 C41,59.7061864 51.2938136,70 63.9961647,70 C76.6985159,70 87,59.7061864 87,46.9961647 C87,34.2938136 76.6985159,24 63.9961647,24"
                    fill="currentColor"
                  />
                </svg>
                <button
                  align="center"
                  aria-label="remove Image"
                  class="chakra-button chakra-avatar__badge css-li6vby"
                  type="button"
                >
                  <svg
                    aria-hidden="true"
                    class="chakra-icon css-onkibi"
                    focusable="false"
                    viewBox="0 0 16 16"
                  >
                    <path
                      d="M9.41 8l2.29-2.29c.19-.18.3-.43.3-.71a1.003 1.003 0 0 0-1.71-.71L8 6.59l-2.29-2.3a1.003 1.003 0 0 0-1.42 1.42L6.59 8 4.3 10.29c-.19.18-.3.43-.3.71a1.003 1.003 0 0 0 1.71.71L8 9.41l2.29 2.29c.18.19.43.3.71.3a1.003 1.003 0 0 0 .71-1.71L9.41 8z"
                      fill="currentColor"
                      fill-rule="evenodd"
                    />
                  </svg>
                </button>
                <input
                  accept="image/*"
                  class="chakra-input css-0"
                  hidden=""
                  type="file"
                />
              </span>
            </div>
            <div
              class="css-gmuwbf"
            >
              <button
                class="chakra-button css-5c2176"
                type="button"
              >
                change_avatar
              </button>
            </div>
            <div
              class="chakra-form-control css-wlea3r"
              data-testid="pronoun-formcontrol"
              role="group"
            >
              <label
                class="chakra-form__label css-uvho5g"
                data-testid="pronoun-label"
                for="pronoun"
                id="pronoun-label"
              >
                pronoun
                <span
                  aria-hidden="true"
                  class="chakra-form__required-indicator css-0"
                  role="presentation"
                >
                  *
                </span>
              </label>
              <div
                class="chakra-input__group css-4302v8"
              >
                <input
                  aria-required="true"
                  autocomplete="pronoun"
                  class="chakra-input css-0"
                  data-testid="pronoun"
                  id="pronoun"
                  required=""
                  type="text"
                />
              </div>
            </div>
          </div>
          <div
            class="chakra-stack css-rarktz"
          >
            <div
              class="chakra-stack css-1ia9hbu"
            >
              <div
                class="chakra-stack css-137fd6w"
              >
                <div
                  class="chakra-form-control css-0"
                  role="group"
                >
                  <label
                    class="chakra-form__label css-uvho5g"
                    data-testid="select_mentor_mentee-label"
                    for="field-2"
                    id="field-2-label"
                  >
                    select_mentor_mentee
                  </label>
                  <ul
                    class="css-tu0njr"
                    role="list"
                  />
                  <div
                    class="chakra-select__wrapper css-42b2qy"
                  >
                    <select
                      class="chakra-select css-1ik61og"
                      id="field-2"
                    >
                      <option
                        value=""
                      >
                        select_user_type
                      </option>
                      <option
                        style="text-transform: capitalize;"
                        value="1"
                      >
                        mentor
                      </option>
                    </select>
                    <div
                      class="chakra-select__icon-wrapper css-162mkon"
                    >
                      <svg
                        aria-hidden="true"
                        class="chakra-select__icon"
                        focusable="false"
                        role="presentation"
                        style="width: 1em; height: 1em; color: currentColor;"
                        viewBox="0 0 24 24"
                      >
                        <path
                          d="M16.59 8.59L12 13.17 7.41 8.59 6 10l6 6 6-6z"
                          fill="currentColor"
                        />
                      </svg>
                    </div>
                  </div>
                </div>
              </div>
            </div>
            <div
              class="chakra-stack css-n21gh5"
            >
              <div
                class="chakra-form-control css-wlea3r"
                data-testid="business_area_id-formcontrol"
                role="group"
              >
                <label
                  class="chakra-form__label css-uvho5g"
                  data-testid="business_area_id-label"
                  for="business_area_id"
                  id="business_area_id-label"
                >
                  business_area
                  <span
                    aria-hidden="true"
                    class="chakra-form__required-indicator css-0"
                    role="presentation"
                  >
                    *
                  </span>
                </label>
                <div
                  class="chakra-select__wrapper css-42b2qy"
                >
                  <select
                    aria-required="true"
                    autocomplete="business"
                    class="chakra-select css-1ik61og"
                    id="business_area_id"
                    required=""
                  >
                    <option
                      value=""
                    />
                  </select>
                  <div
                    class="chakra-select__icon-wrapper css-162mkon"
                  >
                    <svg
                      aria-hidden="true"
                      class="chakra-select__icon"
                      focusable="false"
                      role="presentation"
                      style="width: 1em; height: 1em; color: currentColor;"
                      viewBox="0 0 24 24"
                    >
                      <path
                        d="M16.59 8.59L12 13.17 7.41 8.59 6 10l6 6 6-6z"
                        fill="currentColor"
                      />
                    </svg>
                  </div>
                </div>
              </div>
            </div>
            <h2
              class="chakra-heading css-cewpam"
            >
              Interests
            </h2>
            <div
              class="css-1yrurro"
            >
              <div
                class="chakra-input__group css-4302v8"
              >
                <div
                  class="chakra-input__left-element css-nalr7p"
                >
                  <svg
                    class="chakra-icon css-onkibi"
                    focusable="false"
                    viewBox="0 0 24 24"
                  >
                    <path
                      d="M23.384,21.619,16.855,15.09a9.284,9.284,0,1,0-1.768,1.768l6.529,6.529a1.266,1.266,0,0,0,1.768,0A1.251,1.251,0,0,0,23.384,21.619ZM2.75,9.5a6.75,6.75,0,1,1,6.75,6.75A6.758,6.758,0,0,1,2.75,9.5Z"
                      fill="currentColor"
                    />
                  </svg>
                </div>
                <input
                  class="chakra-input css-0"
                  value=""
                />
              </div>
              <div
                class="chakra-popover__popper css-0"
                style="visibility: hidden; position: absolute; min-width: max-content; inset: 0 auto auto 0;"
              >
                <section
                  class="chakra-popover__content css-bi5enp"
                  id="popover-content-5"
                  role="dialog"
                  style="transform-origin: var(--popper-transform-origin); opacity: 0; visibility: hidden; transform: scale(0.95) translateZ(0);"
                  tabindex="-1"
                />
              </div>
            </div>
            <div
              class="chakra-stack css-137fd6w"
            >
              <div
                class="chakra-form-control css-0"
                role="group"
              >
                <label
                  class="chakra-form__label css-uvho5g"
                  data-testid="languages-label"
                  for="field-7"
                  id="field-7-label"
                >
                  languages
                </label>
                <ul
                  class="css-tu0njr"
                  role="list"
                />
                <div
                  class="chakra-select__wrapper css-42b2qy"
                >
                  <select
                    class="chakra-select css-1ik61og"
                    id="field-7"
                  >
                    <option
                      value=""
                    >
                      select_language
                    </option>
                    <option
                      value="id"
                    >
                      Indonesian
                    </option>
                  </select>
                  <div
                    class="chakra-select__icon-wrapper css-162mkon"
                  >
                    <svg
                      aria-hidden="true"
                      class="chakra-select__icon"
                      focusable="false"
                      role="presentation"
                      style="width: 1em; height: 1em; color: currentColor;"
                      viewBox="0 0 24 24"
                    >
                      <path
                        d="M16.59 8.59L12 13.17 7.41 8.59 6 10l6 6 6-6z"
                        fill="currentColor"
                      />
                    </svg>
                  </div>
                </div>
              </div>
            </div>
            <div
              class="chakra-stack css-mrv709"
            >
              <div
                class="chakra-stack css-n21gh5"
              >
                <div
                  class="chakra-form-control css-wlea3r"
                  data-testid="title-formcontrol"
                  role="group"
                >
                  <label
                    class="chakra-form__label css-uvho5g"
                    data-testid="title-label"
                    for="title"
                    id="title-label"
                  >
                    seniority
                    <span
                      aria-hidden="true"
                      class="chakra-form__required-indicator css-0"
                      role="presentation"
                    >
                      *
                    </span>
                  </label>
                  <div
                    class="chakra-select__wrapper css-42b2qy"
                  >
                    <select
                      aria-required="true"
                      autocomplete="title"
                      class="chakra-select css-1ik61og"
                      id="title"
                      required=""
                    >
                      <option>
                        -
                      </option>
                      <option
                        value="anlst"
                      >
                        job_title.anlst
                      </option>
                      <option
                        value="assoc"
                      >
                        job_title.assoc
                      </option>
                      <option
                        value="avp"
                      >
                        job_title.avp
                      </option>
                      <option
                        value="vp"
                      >
                        job_title.vp
                      </option>
                      <option
                        value="dir"
                      >
                        job_title.dir
                      </option>
                      <option
                        value="md"
                      >
                        job_title.md
                      </option>
                    </select>
                    <div
                      class="chakra-select__icon-wrapper css-162mkon"
                    >
                      <svg
                        aria-hidden="true"
                        class="chakra-select__icon"
                        focusable="false"
                        role="presentation"
                        style="width: 1em; height: 1em; color: currentColor;"
                        viewBox="0 0 24 24"
                      >
                        <path
                          d="M16.59 8.59L12 13.17 7.41 8.59 6 10l6 6 6-6z"
                          fill="currentColor"
                        />
                      </svg>
                    </div>
                  </div>
                </div>
              </div>
              <div
                class="chakra-stack css-n21gh5"
              >
                <div
                  class="chakra-form-control css-wlea3r"
                  data-testid="years_experience-formcontrol"
                  role="group"
                >
                  <label
                    class="chakra-form__label css-uvho5g"
                    data-testid="years_experience-label"
                    for="years_experience"
                    id="years_experience-label"
                  >
                    years_of_experience
                    <span
                      aria-hidden="true"
                      class="chakra-form__required-indicator css-0"
                      role="presentation"
                    >
                      *
                    </span>
                  </label>
                  <div
                    class="chakra-input__group css-4302v8"
                  >
                    <input
                      aria-required="true"
                      autocomplete="years_of_experience"
                      class="chakra-input css-0"
                      data-testid="years_experience"
                      id="years_experience"
                      required=""
                      type="number"
                    />
                  </div>
                </div>
              </div>
            </div>
            <div
              class="chakra-stack css-mrv709"
            >
              <div
                class="chakra-stack css-n21gh5"
              >
                <div
                  class="chakra-form-control css-wlea3r"
                  data-testid="country-formcontrol"
                  role="group"
                >
                  <label
                    class="chakra-form__label css-uvho5g"
                    data-testid="country-label"
                    for="country"
                    id="country-label"
                  >
                    country
                    <span
                      aria-hidden="true"
                      class="chakra-form__required-indicator css-0"
                      role="presentation"
                    >
                      *
                    </span>
                  </label>
                  <div
                    class="chakra-select__wrapper css-42b2qy"
                  >
                    <select
                      aria-required="true"
                      autocomplete="Country"
                      class="chakra-select css-1ik61og"
                      id="country"
                      required=""
                    >
                      <option
                        value="CU"
                      >
                        Cuba
                      </option>
                    </select>
                    <div
                      class="chakra-select__icon-wrapper css-162mkon"
                    >
                      <svg
                        aria-hidden="true"
                        class="chakra-select__icon"
                        focusable="false"
                        role="presentation"
                        style="width: 1em; height: 1em; color: currentColor;"
                        viewBox="0 0 24 24"
                      >
                        <path
                          d="M16.59 8.59L12 13.17 7.41 8.59 6 10l6 6 6-6z"
                          fill="currentColor"
                        />
                      </svg>
                    </div>
                  </div>
                </div>
              </div>
              <div
                class="chakra-stack css-n21gh5"
              >
                <div
                  class="chakra-form-control css-wlea3r"
                  data-testid="timezone-formcontrol"
                  role="group"
                >
                  <label
                    class="chakra-form__label css-uvho5g"
                    data-testid="timezone-label"
                    for="timezone"
                    id="timezone-label"
                  >
                    time_zone
                    <span
                      aria-hidden="true"
                      class="chakra-form__required-indicator css-0"
                      role="presentation"
                    >
                      *
                    </span>
                  </label>
                  <div
                    class="chakra-select__wrapper css-42b2qy"
                  >
                    <select
                      aria-required="true"
                      autocomplete="timezone"
                      class="chakra-select css-1ik61og"
                      id="timezone"
                      required=""
                    >
                      <option
                        value=""
                      >
                        select_timezone
                      </option>
                      <option />
                    </select>
                    <div
                      class="chakra-select__icon-wrapper css-162mkon"
                    >
                      <svg
                        aria-hidden="true"
                        class="chakra-select__icon"
                        focusable="false"
                        role="presentation"
                        style="width: 1em; height: 1em; color: currentColor;"
                        viewBox="0 0 24 24"
                      >
                        <path
                          d="M16.59 8.59L12 13.17 7.41 8.59 6 10l6 6 6-6z"
                          fill="currentColor"
                        />
                      </svg>
                    </div>
                  </div>
                </div>
              </div>
            </div>
            <div
              class="chakra-stack css-qf6f4s"
            >
              <button
                class="chakra-button css-18dry65"
                data-testid="submitButton"
                type="submit"
              >
                submit_form
              </button>
            </div>
          </div>
        </form>
      </div>
    </div>
  </body>,
  "container": <div>
    <div
      class="css-197thqs"
    >
      <div
        class="chakra-stack css-owjkmg"
      >
        <h2
          class="chakra-heading css-1gjuw9l"
        >
          welcome
        </h2>
      </div>
      <form
        data-testid="welcomeForm"
        style="width: 100%;"
      >
        <div
          class="chakra-stack css-n21gh5"
        >
          <div
            class="css-gmuwbf"
          >
            <span
              class="chakra-avatar css-1ruhx4w"
            >
              <svg
                aria-label=" avatar"
                class="chakra-avatar__svg css-16ite8i"
                role="img"
                viewBox="0 0 128 128"
              >
                <path
                  d="M103,102.1388 C93.094,111.92 79.3504,118 64.1638,118 C48.8056,118 34.9294,111.768 25,101.7892 L25,95.2 C25,86.8096 31.981,80 40.6,80 L87.4,80 C96.019,80 103,86.8096 103,95.2 L103,102.1388 Z"
                  fill="currentColor"
                />
                <path
                  d="M63.9961647,24 C51.2938136,24 41,34.2938136 41,46.9961647 C41,59.7061864 51.2938136,70 63.9961647,70 C76.6985159,70 87,59.7061864 87,46.9961647 C87,34.2938136 76.6985159,24 63.9961647,24"
                  fill="currentColor"
                />
              </svg>
              <button
                align="center"
                aria-label="remove Image"
                class="chakra-button chakra-avatar__badge css-li6vby"
                type="button"
              >
                <svg
                  aria-hidden="true"
                  class="chakra-icon css-onkibi"
                  focusable="false"
                  viewBox="0 0 16 16"
                >
                  <path
                    d="M9.41 8l2.29-2.29c.19-.18.3-.43.3-.71a1.003 1.003 0 0 0-1.71-.71L8 6.59l-2.29-2.3a1.003 1.003 0 0 0-1.42 1.42L6.59 8 4.3 10.29c-.19.18-.3.43-.3.71a1.003 1.003 0 0 0 1.71.71L8 9.41l2.29 2.29c.18.19.43.3.71.3a1.003 1.003 0 0 0 .71-1.71L9.41 8z"
                    fill="currentColor"
                    fill-rule="evenodd"
                  />
                </svg>
              </button>
              <input
                accept="image/*"
                class="chakra-input css-0"
                hidden=""
                type="file"
              />
            </span>
          </div>
          <div
            class="css-gmuwbf"
          >
            <button
              class="chakra-button css-5c2176"
              type="button"
            >
              change_avatar
            </button>
          </div>
          <div
            class="chakra-form-control css-wlea3r"
            data-testid="pronoun-formcontrol"
            role="group"
          >
            <label
              class="chakra-form__label css-uvho5g"
              data-testid="pronoun-label"
              for="pronoun"
              id="pronoun-label"
            >
              pronoun
              <span
                aria-hidden="true"
                class="chakra-form__required-indicator css-0"
                role="presentation"
              >
                *
              </span>
            </label>
            <div
              class="chakra-input__group css-4302v8"
            >
              <input
                aria-required="true"
                autocomplete="pronoun"
                class="chakra-input css-0"
                data-testid="pronoun"
                id="pronoun"
                required=""
                type="text"
              />
            </div>
          </div>
        </div>
        <div
          class="chakra-stack css-rarktz"
        >
          <div
            class="chakra-stack css-1ia9hbu"
          >
            <div
              class="chakra-stack css-137fd6w"
            >
              <div
                class="chakra-form-control css-0"
                role="group"
              >
                <label
                  class="chakra-form__label css-uvho5g"
                  data-testid="select_mentor_mentee-label"
                  for="field-2"
                  id="field-2-label"
                >
                  select_mentor_mentee
                </label>
                <ul
                  class="css-tu0njr"
                  role="list"
                />
                <div
                  class="chakra-select__wrapper css-42b2qy"
                >
                  <select
                    class="chakra-select css-1ik61og"
                    id="field-2"
                  >
                    <option
                      value=""
                    >
                      select_user_type
                    </option>
                    <option
                      style="text-transform: capitalize;"
                      value="1"
                    >
                      mentor
                    </option>
                  </select>
                  <div
                    class="chakra-select__icon-wrapper css-162mkon"
                  >
                    <svg
                      aria-hidden="true"
                      class="chakra-select__icon"
                      focusable="false"
                      role="presentation"
                      style="width: 1em; height: 1em; color: currentColor;"
                      viewBox="0 0 24 24"
                    >
                      <path
                        d="M16.59 8.59L12 13.17 7.41 8.59 6 10l6 6 6-6z"
                        fill="currentColor"
                      />
                    </svg>
                  </div>
                </div>
              </div>
            </div>
          </div>
          <div
            class="chakra-stack css-n21gh5"
          >
            <div
              class="chakra-form-control css-wlea3r"
              data-testid="business_area_id-formcontrol"
              role="group"
            >
              <label
                class="chakra-form__label css-uvho5g"
                data-testid="business_area_id-label"
                for="business_area_id"
                id="business_area_id-label"
              >
                business_area
                <span
                  aria-hidden="true"
                  class="chakra-form__required-indicator css-0"
                  role="presentation"
                >
                  *
                </span>
              </label>
              <div
                class="chakra-select__wrapper css-42b2qy"
              >
                <select
                  aria-required="true"
                  autocomplete="business"
                  class="chakra-select css-1ik61og"
                  id="business_area_id"
                  required=""
                >
                  <option
                    value=""
                  />
                </select>
                <div
                  class="chakra-select__icon-wrapper css-162mkon"
                >
                  <svg
                    aria-hidden="true"
                    class="chakra-select__icon"
                    focusable="false"
                    role="presentation"
                    style="width: 1em; height: 1em; color: currentColor;"
                    viewBox="0 0 24 24"
                  >
                    <path
                      d="M16.59 8.59L12 13.17 7.41 8.59 6 10l6 6 6-6z"
                      fill="currentColor"
                    />
                  </svg>
                </div>
              </div>
            </div>
          </div>
          <h2
            class="chakra-heading css-cewpam"
          >
            Interests
          </h2>
          <div
            class="css-1yrurro"
          >
            <div
              class="chakra-input__group css-4302v8"
            >
              <div
                class="chakra-input__left-element css-nalr7p"
              >
                <svg
                  class="chakra-icon css-onkibi"
                  focusable="false"
                  viewBox="0 0 24 24"
                >
                  <path
                    d="M23.384,21.619,16.855,15.09a9.284,9.284,0,1,0-1.768,1.768l6.529,6.529a1.266,1.266,0,0,0,1.768,0A1.251,1.251,0,0,0,23.384,21.619ZM2.75,9.5a6.75,6.75,0,1,1,6.75,6.75A6.758,6.758,0,0,1,2.75,9.5Z"
                    fill="currentColor"
                  />
                </svg>
              </div>
              <input
                class="chakra-input css-0"
                value=""
              />
            </div>
            <div
              class="chakra-popover__popper css-0"
              style="visibility: hidden; position: absolute; min-width: max-content; inset: 0 auto auto 0;"
            >
              <section
                class="chakra-popover__content css-bi5enp"
                id="popover-content-5"
                role="dialog"
                style="transform-origin: var(--popper-transform-origin); opacity: 0; visibility: hidden; transform: scale(0.95) translateZ(0);"
                tabindex="-1"
              />
            </div>
          </div>
          <div
            class="chakra-stack css-137fd6w"
          >
            <div
              class="chakra-form-control css-0"
              role="group"
            >
              <label
                class="chakra-form__label css-uvho5g"
                data-testid="languages-label"
                for="field-7"
                id="field-7-label"
              >
                languages
              </label>
              <ul
                class="css-tu0njr"
                role="list"
              />
              <div
                class="chakra-select__wrapper css-42b2qy"
              >
                <select
                  class="chakra-select css-1ik61og"
                  id="field-7"
                >
                  <option
                    value=""
                  >
                    select_language
                  </option>
                  <option
                    value="id"
                  >
                    Indonesian
                  </option>
                </select>
                <div
                  class="chakra-select__icon-wrapper css-162mkon"
                >
                  <svg
                    aria-hidden="true"
                    class="chakra-select__icon"
                    focusable="false"
                    role="presentation"
                    style="width: 1em; height: 1em; color: currentColor;"
                    viewBox="0 0 24 24"
                  >
                    <path
                      d="M16.59 8.59L12 13.17 7.41 8.59 6 10l6 6 6-6z"
                      fill="currentColor"
                    />
                  </svg>
                </div>
              </div>
            </div>
          </div>
          <div
            class="chakra-stack css-mrv709"
          >
            <div
              class="chakra-stack css-n21gh5"
            >
              <div
                class="chakra-form-control css-wlea3r"
                data-testid="title-formcontrol"
                role="group"
              >
                <label
                  class="chakra-form__label css-uvho5g"
                  data-testid="title-label"
                  for="title"
                  id="title-label"
                >
                  seniority
                  <span
                    aria-hidden="true"
                    class="chakra-form__required-indicator css-0"
                    role="presentation"
                  >
                    *
                  </span>
                </label>
                <div
                  class="chakra-select__wrapper css-42b2qy"
                >
                  <select
                    aria-required="true"
                    autocomplete="title"
                    class="chakra-select css-1ik61og"
                    id="title"
                    required=""
                  >
                    <option>
                      -
                    </option>
                    <option
                      value="anlst"
                    >
                      job_title.anlst
                    </option>
                    <option
                      value="assoc"
                    >
                      job_title.assoc
                    </option>
                    <option
                      value="avp"
                    >
                      job_title.avp
                    </option>
                    <option
                      value="vp"
                    >
                      job_title.vp
                    </option>
                    <option
                      value="dir"
                    >
                      job_title.dir
                    </option>
                    <option
                      value="md"
                    >
                      job_title.md
                    </option>
                  </select>
                  <div
                    class="chakra-select__icon-wrapper css-162mkon"
                  >
                    <svg
                      aria-hidden="true"
                      class="chakra-select__icon"
                      focusable="false"
                      role="presentation"
                      style="width: 1em; height: 1em; color: currentColor;"
                      viewBox="0 0 24 24"
                    >
                      <path
                        d="M16.59 8.59L12 13.17 7.41 8.59 6 10l6 6 6-6z"
                        fill="currentColor"
                      />
                    </svg>
                  </div>
                </div>
              </div>
            </div>
            <div
              class="chakra-stack css-n21gh5"
            >
              <div
                class="chakra-form-control css-wlea3r"
                data-testid="years_experience-formcontrol"
                role="group"
              >
                <label
                  class="chakra-form__label css-uvho5g"
                  data-testid="years_experience-label"
                  for="years_experience"
                  id="years_experience-label"
                >
                  years_of_experience
                  <span
                    aria-hidden="true"
                    class="chakra-form__required-indicator css-0"
                    role="presentation"
                  >
                    *
                  </span>
                </label>
                <div
                  class="chakra-input__group css-4302v8"
                >
                  <input
                    aria-required="true"
                    autocomplete="years_of_experience"
                    class="chakra-input css-0"
                    data-testid="years_experience"
                    id="years_experience"
                    required=""
                    type="number"
                  />
                </div>
              </div>
            </div>
          </div>
          <div
            class="chakra-stack css-mrv709"
          >
            <div
              class="chakra-stack css-n21gh5"
            >
              <div
                class="chakra-form-control css-wlea3r"
                data-testid="country-formcontrol"
                role="group"
              >
                <label
                  class="chakra-form__label css-uvho5g"
                  data-testid="country-label"
                  for="country"
                  id="country-label"
                >
                  country
                  <span
                    aria-hidden="true"
                    class="chakra-form__required-indicator css-0"
                    role="presentation"
                  >
                    *
                  </span>
                </label>
                <div
                  class="chakra-select__wrapper css-42b2qy"
                >
                  <select
                    aria-required="true"
                    autocomplete="Country"
                    class="chakra-select css-1ik61og"
                    id="country"
                    required=""
                  >
                    <option
                      value="CU"
                    >
                      Cuba
                    </option>
                  </select>
                  <div
                    class="chakra-select__icon-wrapper css-162mkon"
                  >
                    <svg
                      aria-hidden="true"
                      class="chakra-select__icon"
                      focusable="false"
                      role="presentation"
                      style="width: 1em; height: 1em; color: currentColor;"
                      viewBox="0 0 24 24"
                    >
                      <path
                        d="M16.59 8.59L12 13.17 7.41 8.59 6 10l6 6 6-6z"
                        fill="currentColor"
                      />
                    </svg>
                  </div>
                </div>
              </div>
            </div>
            <div
              class="chakra-stack css-n21gh5"
            >
              <div
                class="chakra-form-control css-wlea3r"
                data-testid="timezone-formcontrol"
                role="group"
              >
                <label
                  class="chakra-form__label css-uvho5g"
                  data-testid="timezone-label"
                  for="timezone"
                  id="timezone-label"
                >
                  time_zone
                  <span
                    aria-hidden="true"
                    class="chakra-form__required-indicator css-0"
                    role="presentation"
                  >
                    *
                  </span>
                </label>
                <div
                  class="chakra-select__wrapper css-42b2qy"
                >
                  <select
                    aria-required="true"
                    autocomplete="timezone"
                    class="chakra-select css-1ik61og"
                    id="timezone"
                    required=""
                  >
                    <option
                      value=""
                    >
                      select_timezone
                    </option>
                    <option />
                  </select>
                  <div
                    class="chakra-select__icon-wrapper css-162mkon"
                  >
                    <svg
                      aria-hidden="true"
                      class="chakra-select__icon"
                      focusable="false"
                      role="presentation"
                      style="width: 1em; height: 1em; color: currentColor;"
                      viewBox="0 0 24 24"
                    >
                      <path
                        d="M16.59 8.59L12 13.17 7.41 8.59 6 10l6 6 6-6z"
                        fill="currentColor"
                      />
                    </svg>
                  </div>
                </div>
              </div>
            </div>
          </div>
          <div
            class="chakra-stack css-qf6f4s"
          >
            <button
              class="chakra-button css-18dry65"
              data-testid="submitButton"
              type="submit"
            >
              submit_form
            </button>
          </div>
        </div>
      </form>
    </div>
  </div>,
  "debug": [Function],
  "findAllByAltText": [Function],
  "findAllByDisplayValue": [Function],
  "findAllByLabelText": [Function],
  "findAllByPlaceholderText": [Function],
  "findAllByRole": [Function],
  "findAllByTestId": [Function],
  "findAllByText": [Function],
  "findAllByTitle": [Function],
  "findByAltText": [Function],
  "findByDisplayValue": [Function],
  "findByLabelText": [Function],
  "findByPlaceholderText": [Function],
  "findByRole": [Function],
  "findByTestId": [Function],
  "findByText": [Function],
  "findByTitle": [Function],
  "getAllByAltText": [Function],
  "getAllByDisplayValue": [Function],
  "getAllByLabelText": [Function],
  "getAllByPlaceholderText": [Function],
  "getAllByRole": [Function],
  "getAllByTestId": [Function],
  "getAllByText": [Function],
  "getAllByTitle": [Function],
  "getByAltText": [Function],
  "getByDisplayValue": [Function],
  "getByLabelText": [Function],
  "getByPlaceholderText": [Function],
  "getByRole": [Function],
  "getByTestId": [Function],
  "getByText": [Function],
  "getByTitle": [Function],
  "queryAllByAltText": [Function],
  "queryAllByDisplayValue": [Function],
  "queryAllByLabelText": [Function],
  "queryAllByPlaceholderText": [Function],
  "queryAllByRole": [Function],
  "queryAllByTestId": [Function],
  "queryAllByText": [Function],
  "queryAllByTitle": [Function],
  "queryByAltText": [Function],
  "queryByDisplayValue": [Function],
  "queryByLabelText": [Function],
  "queryByPlaceholderText": [Function],
  "queryByRole": [Function],
  "queryByTestId": [Function],
  "queryByText": [Function],
  "queryByTitle": [Function],
  "rerender": [Function],
  "unmount": [Function],
}
`;
