// Jest Snapshot v1, https://goo.gl/fbAQLP

exports[`SidebarContent renders properly 1`] = `
Object {
  "asFragment": [Function],
  "baseElement": <body>
    <div
      id="chakra-toast-portal"
    >
      <ul
        id="chakra-toast-manager-top"
        style="position: fixed; z-index: 5500; pointer-events: none; display: flex; flex-direction: column; margin: 0px auto;"
      />
      <ul
        id="chakra-toast-manager-top-left"
        style="position: fixed; z-index: 5500; pointer-events: none; display: flex; flex-direction: column;"
      />
      <ul
        id="chakra-toast-manager-top-right"
        style="position: fixed; z-index: 5500; pointer-events: none; display: flex; flex-direction: column;"
      />
      <ul
        id="chakra-toast-manager-bottom-left"
        style="position: fixed; z-index: 5500; pointer-events: none; display: flex; flex-direction: column;"
      />
      <ul
        id="chakra-toast-manager-bottom"
        style="position: fixed; z-index: 5500; pointer-events: none; display: flex; flex-direction: column; margin: 0px auto;"
      />
      <ul
        id="chakra-toast-manager-bottom-right"
        style="position: fixed; z-index: 5500; pointer-events: none; display: flex; flex-direction: column;"
      />
    </div>
    <div>
      <div
        class="css-ltylk8"
      >
        <div
          class="css-1bxj9j3"
        >
          <p
            class="chakra-text css-1gfp23t"
          >
            Logo
          </p>
          <button
            aria-label="Close"
            class="css-33zxup"
            data-testid="closeButton"
            type="button"
          >
            <svg
              aria-hidden="true"
              class="chakra-icon css-onkibi"
              focusable="false"
              viewBox="0 0 24 24"
            >
              <path
                d="M.439,21.44a1.5,1.5,0,0,0,2.122,2.121L11.823,14.3a.25.25,0,0,1,.354,0l9.262,9.263a1.5,1.5,0,1,0,2.122-2.121L14.3,12.177a.25.25,0,0,1,0-.354l9.263-9.262A1.5,1.5,0,0,0,21.439.44L12.177,9.7a.25.25,0,0,1-.354,0L2.561.44A1.5,1.5,0,0,0,.439,2.561L9.7,11.823a.25.25,0,0,1,0,.354Z"
                fill="currentColor"
              />
            </svg>
          </button>
        </div>
        <a
          class="chakra-link css-jgup0q"
          href="/"
          style="text-decoration: none;"
        >
          <div
            class="css-cpuzs9"
            role="group"
          >
            <svg
              class="chakra-icon css-1b1fm3x"
              data-testid="sidebarNavIcon"
              fill="none"
              focusable="false"
              height="1em"
              stroke="currentColor"
              stroke-linecap="round"
              stroke-linejoin="round"
              stroke-width="2"
              viewBox="0 0 24 24"
              width="1em"
              xmlns="http://www.w3.org/2000/svg"
            >
              <path
                d="M3 9l9-7 9 7v11a2 2 0 0 1-2 2H5a2 2 0 0 1-2-2z"
              />
              <polyline
                points="9 22 9 12 15 12 15 22"
              />
            </svg>
            dashboard.home.title
          </div>
        </a>
        <a
          class="chakra-link css-jgup0q"
          href="/"
          style="text-decoration: none;"
        >
          <div
            class="css-cpuzs9"
            role="group"
          >
            <svg
              class="chakra-icon css-1b1fm3x"
              data-testid="sidebarNavIcon"
              fill="none"
              focusable="false"
              height="1em"
              stroke="currentColor"
              stroke-linecap="round"
              stroke-linejoin="round"
              stroke-width="2"
              viewBox="0 0 24 24"
              width="1em"
              xmlns="http://www.w3.org/2000/svg"
            >
              <path
                d="M12 22s8-4 8-10V5l-8-3-8 3v7c0 6 8 10 8 10z"
              />
            </svg>
            dashboard.mentor-only.title
          </div>
        </a>
        <a
          class="chakra-link css-jgup0q"
          href="/"
          style="text-decoration: none;"
        >
          <div
            class="css-cpuzs9"
            role="group"
          >
            <svg
              class="chakra-icon css-1b1fm3x"
              data-testid="sidebarNavIcon"
              fill="currentColor"
              focusable="false"
              height="1em"
              stroke="currentColor"
              stroke-width="0"
              viewBox="0 0 512 512"
              width="1em"
              xmlns="http://www.w3.org/2000/svg"
            >
              <path
                d="M256 368a16 16 0 01-7.94-2.11L108 285.84a8 8 0 00-12 6.94V368a16 16 0 008.23 14l144 80a16 16 0 0015.54 0l144-80a16 16 0 008.23-14v-75.22a8 8 0 00-12-6.94l-140.06 80.05A16 16 0 01256 368z"
              />
              <path
                d="M495.92 190.5v-.11a16 16 0 00-8-12.28l-224-128a16 16 0 00-15.88 0l-224 128a16 16 0 000 27.78l224 128a16 16 0 0015.88 0L461 221.28a2 2 0 013 1.74v144.53c0 8.61 6.62 16 15.23 16.43A16 16 0 00496 368V192a14.76 14.76 0 00-.08-1.5z"
              />
            </svg>
            dashboard.mentee-only.title
          </div>
        </a>
      </div>
    </div>
  </body>,
  "container": <div>
    <div
      class="css-ltylk8"
    >
      <div
        class="css-1bxj9j3"
      >
        <p
          class="chakra-text css-1gfp23t"
        >
          Logo
        </p>
        <button
          aria-label="Close"
          class="css-33zxup"
          data-testid="closeButton"
          type="button"
        >
          <svg
            aria-hidden="true"
            class="chakra-icon css-onkibi"
            focusable="false"
            viewBox="0 0 24 24"
          >
            <path
              d="M.439,21.44a1.5,1.5,0,0,0,2.122,2.121L11.823,14.3a.25.25,0,0,1,.354,0l9.262,9.263a1.5,1.5,0,1,0,2.122-2.121L14.3,12.177a.25.25,0,0,1,0-.354l9.263-9.262A1.5,1.5,0,0,0,21.439.44L12.177,9.7a.25.25,0,0,1-.354,0L2.561.44A1.5,1.5,0,0,0,.439,2.561L9.7,11.823a.25.25,0,0,1,0,.354Z"
              fill="currentColor"
            />
          </svg>
        </button>
      </div>
      <a
        class="chakra-link css-jgup0q"
        href="/"
        style="text-decoration: none;"
      >
        <div
          class="css-cpuzs9"
          role="group"
        >
          <svg
            class="chakra-icon css-1b1fm3x"
            data-testid="sidebarNavIcon"
            fill="none"
            focusable="false"
            height="1em"
            stroke="currentColor"
            stroke-linecap="round"
            stroke-linejoin="round"
            stroke-width="2"
            viewBox="0 0 24 24"
            width="1em"
            xmlns="http://www.w3.org/2000/svg"
          >
            <path
              d="M3 9l9-7 9 7v11a2 2 0 0 1-2 2H5a2 2 0 0 1-2-2z"
            />
            <polyline
              points="9 22 9 12 15 12 15 22"
            />
          </svg>
          dashboard.home.title
        </div>
      </a>
      <a
        class="chakra-link css-jgup0q"
        href="/"
        style="text-decoration: none;"
      >
        <div
          class="css-cpuzs9"
          role="group"
        >
          <svg
            class="chakra-icon css-1b1fm3x"
            data-testid="sidebarNavIcon"
            fill="none"
            focusable="false"
            height="1em"
            stroke="currentColor"
            stroke-linecap="round"
            stroke-linejoin="round"
            stroke-width="2"
            viewBox="0 0 24 24"
            width="1em"
            xmlns="http://www.w3.org/2000/svg"
          >
            <path
              d="M12 22s8-4 8-10V5l-8-3-8 3v7c0 6 8 10 8 10z"
            />
          </svg>
          dashboard.mentor-only.title
        </div>
      </a>
      <a
        class="chakra-link css-jgup0q"
        href="/"
        style="text-decoration: none;"
      >
        <div
          class="css-cpuzs9"
          role="group"
        >
          <svg
            class="chakra-icon css-1b1fm3x"
            data-testid="sidebarNavIcon"
            fill="currentColor"
            focusable="false"
            height="1em"
            stroke="currentColor"
            stroke-width="0"
            viewBox="0 0 512 512"
            width="1em"
            xmlns="http://www.w3.org/2000/svg"
          >
            <path
              d="M256 368a16 16 0 01-7.94-2.11L108 285.84a8 8 0 00-12 6.94V368a16 16 0 008.23 14l144 80a16 16 0 0015.54 0l144-80a16 16 0 008.23-14v-75.22a8 8 0 00-12-6.94l-140.06 80.05A16 16 0 01256 368z"
            />
            <path
              d="M495.92 190.5v-.11a16 16 0 00-8-12.28l-224-128a16 16 0 00-15.88 0l-224 128a16 16 0 000 27.78l224 128a16 16 0 0015.88 0L461 221.28a2 2 0 013 1.74v144.53c0 8.61 6.62 16 15.23 16.43A16 16 0 00496 368V192a14.76 14.76 0 00-.08-1.5z"
            />
          </svg>
          dashboard.mentee-only.title
        </div>
      </a>
    </div>
  </div>,
  "debug": [Function],
  "findAllByAltText": [Function],
  "findAllByDisplayValue": [Function],
  "findAllByLabelText": [Function],
  "findAllByPlaceholderText": [Function],
  "findAllByRole": [Function],
  "findAllByTestId": [Function],
  "findAllByText": [Function],
  "findAllByTitle": [Function],
  "findByAltText": [Function],
  "findByDisplayValue": [Function],
  "findByLabelText": [Function],
  "findByPlaceholderText": [Function],
  "findByRole": [Function],
  "findByTestId": [Function],
  "findByText": [Function],
  "findByTitle": [Function],
  "getAllByAltText": [Function],
  "getAllByDisplayValue": [Function],
  "getAllByLabelText": [Function],
  "getAllByPlaceholderText": [Function],
  "getAllByRole": [Function],
  "getAllByTestId": [Function],
  "getAllByText": [Function],
  "getAllByTitle": [Function],
  "getByAltText": [Function],
  "getByDisplayValue": [Function],
  "getByLabelText": [Function],
  "getByPlaceholderText": [Function],
  "getByRole": [Function],
  "getByTestId": [Function],
  "getByText": [Function],
  "getByTitle": [Function],
  "queryAllByAltText": [Function],
  "queryAllByDisplayValue": [Function],
  "queryAllByLabelText": [Function],
  "queryAllByPlaceholderText": [Function],
  "queryAllByRole": [Function],
  "queryAllByTestId": [Function],
  "queryAllByText": [Function],
  "queryAllByTitle": [Function],
  "queryByAltText": [Function],
  "queryByDisplayValue": [Function],
  "queryByLabelText": [Function],
  "queryByPlaceholderText": [Function],
  "queryByRole": [Function],
  "queryByTestId": [Function],
  "queryByText": [Function],
  "queryByTitle": [Function],
  "rerender": [Function],
  "unmount": [Function],
}
`;
